field collision: 5644145 ground triangles, 561401 fixture triangles, 2222674 equipment triangles (CAD visual meshes)
2026-09-10T16:11:45.200494Z  INFO bevy_diagnostic::system_information_diagnostics_plugin::internal: SystemInfo { os: "macOS 26.6.2", kernel: "25.6.0", cpu: "Apple M3 Pro", core_count: "11", memory: "18.0 GiB" }
2026-09-10T16:11:45.240143Z  INFO bevy_render::renderer: AdapterInfo { name: "Apple M3 Pro", vendor: 0, device: 0, device_type: IntegratedGpu, device_pci_bus_id: "", driver: "", driver_info: "", backend: Metal, subgroup_min_size: 4, subgroup_max_size: 64, transient_saves_memory: true }
2026-09-10T16:11:45.285408Z  INFO bevy_pbr::cluster: GPU clustering is supported on this device.
2026-09-10T16:11:45.285468Z  INFO bevy_render::batching::gpu_preprocessing: GPU preprocessing is fully supported on this device.
2026-09-10T16:11:45.303201Z  INFO bevy_winit::system: Creating new window rm-simulator benchmark (65v0)
2026-09-10T16:11:45.388519Z  INFO rm_simulator_render::cad: CAD scenery instance ready file="floor.glb" loaded=1 expected=16
2026-09-10T16:11:45.388579Z  INFO rm_simulator_render::cad: CAD scenery instance ready file="outpost-footing.glb" loaded=2 expected=16
2026-09-10T16:11:45.388590Z  INFO rm_simulator_render::cad: CAD scenery instance ready file="outpost-footing.glb" loaded=3 expected=16
2026-09-10T16:11:45.408118Z  INFO rm_simulator_render::cad: CAD scenery instance ready file="arena-static.glb" loaded=4 expected=16
2026-09-10T16:11:45.455913Z  INFO rm_simulator_render::cad: CAD scenery instance ready file="outpost.glb" loaded=5 expected=16
2026-09-10T16:11:45.456906Z  INFO rm_simulator_render::cad: CAD scenery instance ready file="outpost.glb" loaded=6 expected=16
2026-09-10T16:11:45.456927Z  INFO rm_simulator_render::cad: CAD scenery instance ready file="equipment/tech-core.glb" loaded=7 expected=16
2026-09-10T16:11:45.456937Z  INFO rm_simulator_render::cad: CAD scenery instance ready file="equipment/tech-core.glb" loaded=8 expected=16
2026-09-10T16:11:45.456946Z  INFO rm_simulator_render::cad: CAD scenery instance ready file="centre-platform.glb" loaded=9 expected=16
2026-09-10T16:11:45.550560Z  INFO rm_simulator_render::cad: CAD scenery instance ready file="rune.glb" loaded=10 expected=16
2026-09-10T16:11:45.802394Z  INFO rm_simulator_render::cad: CAD scenery instance ready file="equipment/base.glb" loaded=11 expected=16
2026-09-10T16:11:45.802493Z  INFO rm_simulator_render::cad: CAD scenery instance ready file="equipment/base.glb" loaded=12 expected=16
2026-09-10T16:11:45.802524Z  INFO rm_simulator_render::cad: CAD scenery instance ready file="dart-station.glb" loaded=13 expected=16
2026-09-10T16:11:45.802560Z  INFO rm_simulator_render::cad: CAD scenery instance ready file="dart-station.glb" loaded=14 expected=16
2026-09-10T16:11:46.399823Z  INFO rm_simulator_render::cad: CAD scenery instance ready file="resource-zone.glb" loaded=15 expected=16
2026-09-10T16:11:46.399889Z  INFO rm_simulator_render::cad: CAD scenery instance ready file="resource-zone.glb" loaded=16 expected=16
BASELINE {"frame":{"max_ms":19.448125,"mean_ms":16.668117015000004,"n":600,"p50_ms":16.661625,"p95_ms":17.570249999999998,"p99_ms":17.847917000000002},"mesh_entities":2137,"physics_advance":{"max_ms":0.015792,"mean_ms":0.0019415199999999954,"n":600,"p50_ms":0.001792,"p95_ms":0.0029579999999999997,"p99_ms":0.0055},"physics_ms_per_tick":0.00011649119999999967,"physics_ticks":10000,"scene_triangles":9730532,"view_visible_mesh_entities":1727,"view_visible_triangles":9429824}
2026-09-10T16:11:59.491443Z  WARN bevy_winit::state: Skipped event Destroyed for unknown winit Window Id WindowId(30333911680)
