field collision: 5644145 ground triangles, 561401 fixture triangles, 2222674 equipment triangles (CAD visual meshes)
2026-09-10T16:11:23.570250Z  INFO bevy_diagnostic::system_information_diagnostics_plugin::internal: SystemInfo { os: "macOS 26.6.2", kernel: "25.6.0", cpu: "Apple M3 Pro", core_count: "11", memory: "18.0 GiB" }
2026-09-10T16:11:23.606004Z  INFO bevy_render::renderer: AdapterInfo { name: "Apple M3 Pro", vendor: 0, device: 0, device_type: IntegratedGpu, device_pci_bus_id: "", driver: "", driver_info: "", backend: Metal, subgroup_min_size: 4, subgroup_max_size: 64, transient_saves_memory: true }
2026-09-10T16:11:23.653198Z  INFO bevy_pbr::cluster: GPU clustering is supported on this device.
2026-09-10T16:11:23.653248Z  INFO bevy_render::batching::gpu_preprocessing: GPU preprocessing is fully supported on this device.
2026-09-10T16:11:23.670214Z  INFO bevy_winit::system: Creating new window rm-simulator benchmark (65v0)
2026-09-10T16:11:23.752595Z  INFO rm_simulator_render::cad: CAD scenery instance ready file="floor.glb" loaded=1 expected=16
2026-09-10T16:11:23.752654Z  INFO rm_simulator_render::cad: CAD scenery instance ready file="outpost-footing.glb" loaded=2 expected=16
2026-09-10T16:11:23.752663Z  INFO rm_simulator_render::cad: CAD scenery instance ready file="outpost-footing.glb" loaded=3 expected=16
2026-09-10T16:11:23.773789Z  INFO rm_simulator_render::cad: CAD scenery instance ready file="arena-static.glb" loaded=4 expected=16
2026-09-10T16:11:23.773848Z  INFO rm_simulator_render::cad: CAD scenery instance ready file="centre-platform.glb" loaded=5 expected=16
2026-09-10T16:11:23.824455Z  INFO rm_simulator_render::cad: CAD scenery instance ready file="outpost.glb" loaded=6 expected=16
2026-09-10T16:11:23.824883Z  INFO rm_simulator_render::cad: CAD scenery instance ready file="outpost.glb" loaded=7 expected=16
2026-09-10T16:11:23.824903Z  INFO rm_simulator_render::cad: CAD scenery instance ready file="equipment/tech-core.glb" loaded=8 expected=16
2026-09-10T16:11:23.824913Z  INFO rm_simulator_render::cad: CAD scenery instance ready file="equipment/tech-core.glb" loaded=9 expected=16
2026-09-10T16:11:24.012322Z  INFO rm_simulator_render::cad: CAD scenery instance ready file="rune.glb" loaded=10 expected=16
2026-09-10T16:11:24.012407Z  INFO rm_simulator_render::cad: CAD scenery instance ready file="dart-station.glb" loaded=11 expected=16
2026-09-10T16:11:24.012438Z  INFO rm_simulator_render::cad: CAD scenery instance ready file="dart-station.glb" loaded=12 expected=16
2026-09-10T16:11:24.247357Z  INFO rm_simulator_render::cad: CAD scenery instance ready file="equipment/base.glb" loaded=13 expected=16
2026-09-10T16:11:24.247413Z  INFO rm_simulator_render::cad: CAD scenery instance ready file="equipment/base.glb" loaded=14 expected=16
2026-09-10T16:11:24.573926Z  INFO rm_simulator_render::cad: CAD scenery instance ready file="resource-zone.glb" loaded=15 expected=16
2026-09-10T16:11:24.574045Z  INFO rm_simulator_render::cad: CAD scenery instance ready file="resource-zone.glb" loaded=16 expected=16
BASELINE {"frame":{"max_ms":67.24991700000001,"mean_ms":16.70044479166666,"n":600,"p50_ms":16.6565,"p95_ms":17.467750000000002,"p99_ms":17.804166},"mesh_entities":2218,"physics_advance":{"max_ms":0.001041,"mean_ms":0.00015570833333333346,"n":600,"p50_ms":0.000125,"p95_ms":0.000334,"p99_ms":0.000584},"physics_ms_per_tick":0.0,"physics_ticks":0,"scene_triangles":9743200,"view_visible_mesh_entities":1808,"view_visible_triangles":9442492}
2026-09-10T16:11:37.968326Z  WARN bevy_winit::state: Skipped event Destroyed for unknown winit Window Id WindowId(30975754880)
