field collision: 5644145 ground triangles, 561401 fixture triangles, 2222674 equipment triangles (CAD visual meshes)
2026-09-10T16:11:00.176214Z  INFO bevy_diagnostic::system_information_diagnostics_plugin::internal: SystemInfo { os: "macOS 26.6.2", kernel: "25.6.0", cpu: "Apple M3 Pro", core_count: "11", memory: "18.0 GiB" }
2026-09-10T16:11:00.213742Z  INFO bevy_render::renderer: AdapterInfo { name: "Apple M3 Pro", vendor: 0, device: 0, device_type: IntegratedGpu, device_pci_bus_id: "", driver: "", driver_info: "", backend: Metal, subgroup_min_size: 4, subgroup_max_size: 64, transient_saves_memory: true }
2026-09-10T16:11:00.260274Z  INFO bevy_pbr::cluster: GPU clustering is supported on this device.
2026-09-10T16:11:00.260311Z  INFO bevy_render::batching::gpu_preprocessing: GPU preprocessing is fully supported on this device.
2026-09-10T16:11:00.280903Z  INFO bevy_winit::system: Creating new window rm-simulator benchmark (65v0)
2026-09-10T16:11:00.339099Z  INFO rm_simulator_render::cad: CAD scenery instance ready file="floor.glb" loaded=1 expected=16
2026-09-10T16:11:00.339148Z  INFO rm_simulator_render::cad: CAD scenery instance ready file="outpost-footing.glb" loaded=2 expected=16
2026-09-10T16:11:00.339158Z  INFO rm_simulator_render::cad: CAD scenery instance ready file="outpost-footing.glb" loaded=3 expected=16
2026-09-10T16:11:00.395750Z  INFO rm_simulator_render::cad: CAD scenery instance ready file="arena-static.glb" loaded=4 expected=16
2026-09-10T16:11:00.395821Z  INFO rm_simulator_render::cad: CAD scenery instance ready file="outpost.glb" loaded=5 expected=16
2026-09-10T16:11:00.395850Z  INFO rm_simulator_render::cad: CAD scenery instance ready file="outpost.glb" loaded=6 expected=16
2026-09-10T16:11:00.395864Z  INFO rm_simulator_render::cad: CAD scenery instance ready file="equipment/tech-core.glb" loaded=7 expected=16
2026-09-10T16:11:00.395872Z  INFO rm_simulator_render::cad: CAD scenery instance ready file="equipment/tech-core.glb" loaded=8 expected=16
2026-09-10T16:11:00.395881Z  INFO rm_simulator_render::cad: CAD scenery instance ready file="centre-platform.glb" loaded=9 expected=16
2026-09-10T16:11:00.438426Z  INFO rm_simulator_render::cad: CAD scenery instance ready file="rune.glb" loaded=10 expected=16
2026-09-10T16:11:00.686774Z  INFO rm_simulator_render::cad: CAD scenery instance ready file="equipment/base.glb" loaded=11 expected=16
2026-09-10T16:11:00.686816Z  INFO rm_simulator_render::cad: CAD scenery instance ready file="equipment/base.glb" loaded=12 expected=16
2026-09-10T16:11:00.686839Z  INFO rm_simulator_render::cad: CAD scenery instance ready file="dart-station.glb" loaded=13 expected=16
2026-09-10T16:11:00.686863Z  INFO rm_simulator_render::cad: CAD scenery instance ready file="dart-station.glb" loaded=14 expected=16
2026-09-10T16:11:00.852419Z  INFO rm_simulator_render::cad: CAD scenery instance ready file="resource-zone.glb" loaded=15 expected=16
2026-09-10T16:11:00.852474Z  INFO rm_simulator_render::cad: CAD scenery instance ready file="resource-zone.glb" loaded=16 expected=16
BASELINE {"frame":{"max_ms":1012.246916,"mean_ms":19.34137402666666,"n":600,"p50_ms":16.684917000000002,"p95_ms":32.664125000000006,"p99_ms":39.320083},"mesh_entities":2218,"physics_advance":{"max_ms":3.688041,"mean_ms":0.19499826833333336,"n":600,"p50_ms":0.16975,"p95_ms":0.323791,"p99_ms":0.45166599999999996},"physics_ms_per_tick":0.010820212799408108,"physics_ticks":10813,"scene_triangles":9743200,"view_visible_mesh_entities":1808,"view_visible_triangles":9442492}
2026-09-10T16:11:16.240938Z  WARN bevy_winit::state: Skipped event Destroyed for unknown winit Window Id WindowId(36814242432)
