manifest + semantic verification: 0.984s
rune.glb: 20 semantic nodes, 2 joints
  rune.face.0.spin: continuous origin=[-0.03583022968527626, 0.09300000046955605, -0.27031874028118646], axis=[0.0, 0.0, 1.0], limits=None, verification=None
  rune.face.1.spin: continuous origin=[-0.03583206093730813, 0.09300000046955607, 0.3672812591799875], axis=[0.0, 0.0, 1.0], limits=None, verification=None
  pending: Export LED and detector surface bindings; these are currently generated by rm-simulator.
  pending: The two face joints share an axis; runtime must apply the rulebook coupling and direction policy rather than treating these as independent physical motors.
outpost.glb: 8 semantic nodes, 1 joints
  outpost.spin: continuous origin=[-0.009437883461093843, 1.1399999856948853, -0.0010455167618112736], axis=[0.0, 1.0, 0.0], limits=None, verification=None
  pending: Split armor housing, artwork and LED primitives by verified source faces; imported armor meshes currently combine those surfaces.
  pending: Export separately fitted target frames and detection profiles.
equipment/base.glb: 68 semantic nodes, 3 joints
  base.shield.0.slide: prismatic origin=[-0.111, 0.0, 0.28], axis=[1.0, 0.0, 0.0], limits=Some([0.0, 0.17]), verification=Some("illustrative_travel")
  base.shield.1.slide: prismatic origin=[-0.111, 0.0, 0.28], axis=[-0.49999999999999983, 0.8660254037844387, 0.0], limits=Some([0.0, 0.17]), verification=Some("illustrative_travel")
  base.shield.2.slide: prismatic origin=[-0.111, 0.0, 0.28], axis=[-0.5000000000000004, -0.8660254037844384, 0.0], limits=Some([0.0, 0.17]), verification=Some("illustrative_travel")
  pending: Calibrate the actual shield linkage; radial 0.170m travel is an illustrative opening only.
  pending: Base dart-target carriage source membership and LED surfaces remain unclassified.
dart-station.glb: 193 semantic nodes, 1 joints
  dart-station.gate.slide: prismatic origin=[-0.3, 0.0, 1.33], axis=[0.25881904510252074, 0.0, 0.9659258262890683], limits=Some([-1.294, 0.0]), verification=Some("illustrative_travel")
  pending: Calibrate actual gate end stops and actuator timing; current stroke is illustrative.
  pending: Identify gliding platform separately; it stays fixed in this gate preview.
field collision: 2166666 ground triangles, 96773 fixture triangles, 717080 equipment triangles (source tessellations or CAD visual meshes); parsed in 3.144s
