field collision: arena 17002 of 36804 triangles kept from 387 parts (325 markings dropped, 62 solids kept, 0 panels boxed, 0 passages kept, 0 extruded); rune frame and outpost towers 28996 triangles; equipment 726834 triangles from 4 proxies
2026-09-10T15:54:24.973026Z  INFO bevy_diagnostic::system_information_diagnostics_plugin::internal: SystemInfo { os: "macOS 26.6.2", kernel: "25.6.0", cpu: "Apple M3 Pro", core_count: "11", memory: "18.0 GiB" }
2026-09-10T15:54:25.019663Z  INFO bevy_render::renderer: AdapterInfo { name: "Apple M3 Pro", vendor: 0, device: 0, device_type: IntegratedGpu, device_pci_bus_id: "", driver: "", driver_info: "", backend: Metal, subgroup_min_size: 4, subgroup_max_size: 64, transient_saves_memory: true }
2026-09-10T15:54:25.067126Z  INFO bevy_pbr::cluster: GPU clustering is supported on this device.
2026-09-10T15:54:25.067189Z  INFO bevy_render::batching::gpu_preprocessing: GPU preprocessing is fully supported on this device.
2026-09-10T15:54:25.087161Z  INFO bevy_winit::system: Creating new window rm-simulator benchmark (65v0)
2026-09-10T15:54:25.177450Z  INFO rm_simulator_render::cad: CAD scenery instance ready file="floor.glb" loaded=1 expected=16
2026-09-10T15:54:25.177505Z  INFO rm_simulator_render::cad: CAD scenery instance ready file="outpost-footing.glb" loaded=2 expected=16
2026-09-10T15:54:25.177514Z  INFO rm_simulator_render::cad: CAD scenery instance ready file="outpost-footing.glb" loaded=3 expected=16
2026-09-10T15:54:25.197277Z  INFO rm_simulator_render::cad: CAD scenery instance ready file="equipment/tech-core.glb" loaded=4 expected=16
2026-09-10T15:54:25.197330Z  INFO rm_simulator_render::cad: CAD scenery instance ready file="equipment/tech-core.glb" loaded=5 expected=16
2026-09-10T15:54:25.197343Z  INFO rm_simulator_render::cad: CAD scenery instance ready file="centre-platform.glb" loaded=6 expected=16
2026-09-10T15:54:25.250094Z  INFO rm_simulator_render::cad: CAD scenery instance ready file="arena-static.glb" loaded=7 expected=16
2026-09-10T15:54:25.250196Z  INFO rm_simulator_render::cad: CAD scenery instance ready file="outpost.glb" loaded=8 expected=16
2026-09-10T15:54:25.250246Z  INFO rm_simulator_render::cad: CAD scenery instance ready file="outpost.glb" loaded=9 expected=16
2026-09-10T15:54:25.296319Z  INFO rm_simulator_render::cad: CAD scenery instance ready file="rune.glb" loaded=10 expected=16
2026-09-10T15:54:25.296402Z  INFO rm_simulator_render::cad: CAD scenery instance ready file="equipment/base.glb" loaded=11 expected=16
2026-09-10T15:54:25.296421Z  INFO rm_simulator_render::cad: CAD scenery instance ready file="equipment/base.glb" loaded=12 expected=16
2026-09-10T15:54:25.296443Z  INFO rm_simulator_render::cad: CAD scenery instance ready file="dart-station.glb" loaded=13 expected=16
2026-09-10T15:54:25.296467Z  INFO rm_simulator_render::cad: CAD scenery instance ready file="dart-station.glb" loaded=14 expected=16
2026-09-10T15:54:25.296488Z  INFO rm_simulator_render::cad: CAD scenery instance ready file="resource-zone.glb" loaded=15 expected=16
2026-09-10T15:54:25.296505Z  INFO rm_simulator_render::cad: CAD scenery instance ready file="resource-zone.glb" loaded=16 expected=16
BASELINE {"frame":{"max_ms":37.967458,"mean_ms":13.257202083333336,"n":600,"p50_ms":12.54625,"p95_ms":24.877416,"p99_ms":29.625833},"mesh_entities":2100,"physics_advance":{"max_ms":0.027541,"mean_ms":0.001751343333333329,"n":600,"p50_ms":0.001459,"p95_ms":0.0027080000000000003,"p99_ms":0.01175},"physics_ms_per_tick":0.00013186171414230108,"physics_ticks":7969,"scene_triangles":6353789,"view_visible_mesh_entities":1690,"view_visible_triangles":6053081}
2026-09-10T15:54:35.935231Z  WARN bevy_winit::state: Skipped event Destroyed for unknown winit Window Id WindowId(50966807168)
