manifest_load_ms 789.041792
terrain_load_ms 86.075833
field collision: arena 17002 of 36804 triangles kept from 387 parts (325 markings dropped, 62 solids kept, 0 panels boxed, 0 passages kept, 0 extruded); rune frame and outpost towers 28996 triangles; equipment 726834 triangles from 4 proxies
ground_triangles 1412814 fixtures_triangles 28996 equipment_triangles 726834
PHYSICS {"build_ms":1127.4216669999998,"collision":true,"max_ms":0.0007080000000000001,"mean_ms":0.000022672599999996748,"p50_ms":0.000041,"p95_ms":0.000042,"p99_ms":0.000042,"repeat":0,"scenario":"empty","shots_fired":0,"ticks":10000}
PHYSICS {"build_ms":1054.03675,"collision":true,"max_ms":0.000792,"mean_ms":0.000021850399999997005,"p50_ms":0.000041,"p95_ms":0.000042,"p99_ms":0.000042,"repeat":1,"scenario":"empty","shots_fired":0,"ticks":10000}
PHYSICS {"build_ms":1074.01025,"collision":true,"max_ms":0.000583,"mean_ms":0.00002263589999999675,"p50_ms":0.000041,"p95_ms":0.000042,"p99_ms":0.000042,"repeat":2,"scenario":"empty","shots_fired":0,"ticks":10000}
PHYSICS {"build_ms":1069.690292,"collision":true,"max_ms":0.054,"mean_ms":0.006715521299999897,"p50_ms":0.006375,"p95_ms":0.008167,"p99_ms":0.00975,"repeat":0,"scenario":"one_idle","shots_fired":0,"ticks":10000}
PHYSICS {"build_ms":1090.924,"collision":true,"max_ms":0.038125,"mean_ms":0.006653930300000249,"p50_ms":0.006333,"p95_ms":0.007958999999999999,"p99_ms":0.009375,"repeat":1,"scenario":"one_idle","shots_fired":0,"ticks":10000}
PHYSICS {"build_ms":1073.107667,"collision":true,"max_ms":0.099708,"mean_ms":0.00686297610000007,"p50_ms":0.006417,"p95_ms":0.008375,"p99_ms":0.013083,"repeat":2,"scenario":"one_idle","shots_fired":0,"ticks":10000}
PHYSICS {"build_ms":1088.151042,"collision":true,"max_ms":0.786542,"mean_ms":0.04667811979999993,"p50_ms":0.049583,"p95_ms":0.06241699999999999,"p99_ms":0.077083,"repeat":0,"scenario":"one_drive_fire","shots_fired":100,"ticks":10000}
PHYSICS {"build_ms":1054.3355000000001,"collision":true,"max_ms":0.144709,"mean_ms":0.046384633100000044,"p50_ms":0.049499999999999995,"p95_ms":0.06125,"p99_ms":0.076,"repeat":1,"scenario":"one_drive_fire","shots_fired":100,"ticks":10000}
PHYSICS {"build_ms":1112.037833,"collision":true,"max_ms":0.29879100000000003,"mean_ms":0.04666937759999979,"p50_ms":0.049542,"p95_ms":0.06245900000000001,"p99_ms":0.076875,"repeat":2,"scenario":"one_drive_fire","shots_fired":100,"ticks":10000}
PHYSICS {"build_ms":1071.98975,"collision":true,"max_ms":0.433916,"mean_ms":0.18171045979999995,"p50_ms":0.17704099999999998,"p95_ms":0.229833,"p99_ms":0.312917,"repeat":0,"scenario":"14_drive_fire","shots_fired":1400,"ticks":10000}
PHYSICS {"build_ms":1051.9512909999999,"collision":true,"max_ms":0.41370799999999996,"mean_ms":0.1828687939999992,"p50_ms":0.17791700000000002,"p95_ms":0.236833,"p99_ms":0.312083,"repeat":1,"scenario":"14_drive_fire","shots_fired":1400,"ticks":10000}
PHYSICS {"build_ms":1037.265666,"collision":true,"max_ms":4.048959,"mean_ms":0.18384182139999977,"p50_ms":0.177417,"p95_ms":0.243541,"p99_ms":0.318125,"repeat":2,"scenario":"14_drive_fire","shots_fired":1400,"ticks":10000}
PHYSICS {"build_ms":0.000042,"collision":false,"max_ms":0.00625,"mean_ms":0.000023927799999996834,"p50_ms":0.000041,"p95_ms":0.000042,"p99_ms":0.000042,"repeat":0,"scenario":"empty","shots_fired":0,"ticks":10000}
PHYSICS {"build_ms":0.000041,"collision":false,"max_ms":0.020292,"mean_ms":0.000024628699999996897,"p50_ms":0.000041,"p95_ms":0.000042,"p99_ms":0.000042,"repeat":1,"scenario":"empty","shots_fired":0,"ticks":10000}
PHYSICS {"build_ms":0.0,"collision":false,"max_ms":0.023916,"mean_ms":0.00002548959999999665,"p50_ms":0.000041,"p95_ms":0.000042,"p99_ms":0.000042,"repeat":2,"scenario":"empty","shots_fired":0,"ticks":10000}
PHYSICS {"build_ms":0.0,"collision":false,"max_ms":0.031584,"mean_ms":0.005602254800000345,"p50_ms":0.005416000000000001,"p95_ms":0.006042,"p99_ms":0.007333999999999999,"repeat":0,"scenario":"one_idle","shots_fired":0,"ticks":10000}
PHYSICS {"build_ms":0.0,"collision":false,"max_ms":0.032709,"mean_ms":0.005598720600000366,"p50_ms":0.005416000000000001,"p95_ms":0.006083,"p99_ms":0.007333,"repeat":1,"scenario":"one_idle","shots_fired":0,"ticks":10000}
PHYSICS {"build_ms":0.0,"collision":false,"max_ms":0.06162499999999999,"mean_ms":0.0055402914000001425,"p50_ms":0.005332999999999999,"p95_ms":0.005917,"p99_ms":0.007208,"repeat":2,"scenario":"one_idle","shots_fired":0,"ticks":10000}
PHYSICS {"build_ms":0.000041,"collision":false,"max_ms":0.107459,"mean_ms":0.03994869739999989,"p50_ms":0.046167,"p95_ms":0.052459,"p99_ms":0.068167,"repeat":0,"scenario":"one_drive_fire","shots_fired":100,"ticks":10000}
PHYSICS {"build_ms":0.0,"collision":false,"max_ms":0.099375,"mean_ms":0.04001506719999999,"p50_ms":0.046208,"p95_ms":0.052709,"p99_ms":0.068125,"repeat":1,"scenario":"one_drive_fire","shots_fired":100,"ticks":10000}
PHYSICS {"build_ms":0.0,"collision":false,"max_ms":0.10162500000000001,"mean_ms":0.04006820099999994,"p50_ms":0.04625,"p95_ms":0.052916,"p99_ms":0.068917,"repeat":2,"scenario":"one_drive_fire","shots_fired":100,"ticks":10000}
PHYSICS {"build_ms":0.0,"collision":false,"max_ms":0.5355,"mean_ms":0.0794667893000002,"p50_ms":0.078667,"p95_ms":0.092667,"p99_ms":0.117083,"repeat":0,"scenario":"14_drive_fire","shots_fired":1400,"ticks":10000}
PHYSICS {"build_ms":0.000042,"collision":false,"max_ms":0.495333,"mean_ms":0.08063843750000042,"p50_ms":0.078625,"p95_ms":0.098917,"p99_ms":0.133208,"repeat":1,"scenario":"14_drive_fire","shots_fired":1400,"ticks":10000}
PHYSICS {"build_ms":0.0,"collision":false,"max_ms":0.15395799999999998,"mean_ms":0.0790520941000001,"p50_ms":0.078583,"p95_ms":0.092125,"p99_ms":0.114542,"repeat":2,"scenario":"14_drive_fire","shots_fired":1400,"ticks":10000}
