field collision: arena 17002 of 36804 triangles kept from 387 parts (325 markings dropped, 62 solids kept, 0 panels boxed, 0 passages kept, 0 extruded); rune frame and outpost towers 28996 triangles; equipment 726834 triangles from 4 proxies
2026-09-10T15:53:42.302218Z  INFO bevy_diagnostic::system_information_diagnostics_plugin::internal: SystemInfo { os: "macOS 26.6.2", kernel: "25.6.0", cpu: "Apple M3 Pro", core_count: "11", memory: "18.0 GiB" }
2026-09-10T15:53:42.338414Z  INFO bevy_render::renderer: AdapterInfo { name: "Apple M3 Pro", vendor: 0, device: 0, device_type: IntegratedGpu, device_pci_bus_id: "", driver: "", driver_info: "", backend: Metal, subgroup_min_size: 4, subgroup_max_size: 64, transient_saves_memory: true }
2026-09-10T15:53:42.384881Z  INFO bevy_pbr::cluster: GPU clustering is supported on this device.
2026-09-10T15:53:42.384918Z  INFO bevy_render::batching::gpu_preprocessing: GPU preprocessing is fully supported on this device.
2026-09-10T15:53:42.402387Z  INFO bevy_winit::system: Creating new window rm-simulator benchmark (65v0)
2026-09-10T15:53:42.466735Z  INFO rm_simulator_render::cad: CAD scenery instance ready file="floor.glb" loaded=1 expected=16
2026-09-10T15:53:42.466791Z  INFO rm_simulator_render::cad: CAD scenery instance ready file="outpost-footing.glb" loaded=2 expected=16
2026-09-10T15:53:42.466802Z  INFO rm_simulator_render::cad: CAD scenery instance ready file="outpost-footing.glb" loaded=3 expected=16
2026-09-10T15:53:42.518932Z  INFO rm_simulator_render::cad: CAD scenery instance ready file="arena-static.glb" loaded=4 expected=16
2026-09-10T15:53:42.518991Z  INFO rm_simulator_render::cad: CAD scenery instance ready file="outpost.glb" loaded=5 expected=16
2026-09-10T15:53:42.519016Z  INFO rm_simulator_render::cad: CAD scenery instance ready file="outpost.glb" loaded=6 expected=16
2026-09-10T15:53:42.519033Z  INFO rm_simulator_render::cad: CAD scenery instance ready file="equipment/tech-core.glb" loaded=7 expected=16
2026-09-10T15:53:42.519041Z  INFO rm_simulator_render::cad: CAD scenery instance ready file="equipment/tech-core.glb" loaded=8 expected=16
2026-09-10T15:53:42.519049Z  INFO rm_simulator_render::cad: CAD scenery instance ready file="centre-platform.glb" loaded=9 expected=16
2026-09-10T15:53:42.554806Z  INFO rm_simulator_render::cad: CAD scenery instance ready file="rune.glb" loaded=10 expected=16
2026-09-10T15:53:42.554921Z  INFO rm_simulator_render::cad: CAD scenery instance ready file="dart-station.glb" loaded=11 expected=16
2026-09-10T15:53:42.554951Z  INFO rm_simulator_render::cad: CAD scenery instance ready file="dart-station.glb" loaded=12 expected=16
2026-09-10T15:53:42.715393Z  INFO rm_simulator_render::cad: CAD scenery instance ready file="equipment/base.glb" loaded=13 expected=16
2026-09-10T15:53:42.715478Z  INFO rm_simulator_render::cad: CAD scenery instance ready file="equipment/base.glb" loaded=14 expected=16
2026-09-10T15:53:42.715500Z  INFO rm_simulator_render::cad: CAD scenery instance ready file="resource-zone.glb" loaded=15 expected=16
2026-09-10T15:53:42.715523Z  INFO rm_simulator_render::cad: CAD scenery instance ready file="resource-zone.glb" loaded=16 expected=16
BASELINE {"frame":{"max_ms":19.743457999999997,"mean_ms":16.666691388333327,"n":600,"p50_ms":16.656917,"p95_ms":17.555416,"p99_ms":17.93475},"mesh_entities":2181,"physics_advance":{"max_ms":1.2934999999999999,"mean_ms":0.18304658166666682,"n":600,"p50_ms":0.180125,"p95_ms":0.20475,"p99_ms":0.22170800000000002},"physics_ms_per_tick":0.010982794900000006,"physics_ticks":10000,"scene_triangles":6366457,"view_visible_mesh_entities":1771,"view_visible_triangles":6065749}
2026-09-10T15:53:55.699933Z  WARN bevy_winit::state: Skipped event Destroyed for unknown winit Window Id WindowId(40427029120)
